## Vote closed

The vote **did not pass**.

`0.00%` of the users with binding vote were in favor and `0.00%` were against (passing threshold: `50%`).

### Summary

|        In favor        |        Against        |       Abstain        |        Not voted        |
| :--------------------: | :-------------------: | :------------------: | :---------------------: |
| 0 | 0 | 0 | 2 |
