## Vote created

**@user** has called for a vote on `Test title` (#1).


All repository collaborators have binding votes.


Non-binding votes are also appreciated as a sign of support!

## How to vote

You can cast your vote by reacting to `this` comment. The following reactions are supported:

| In favor | Against | Abstain |
| :------: | :-----: | :-----: |
|    👍     |    👎    |    👀    |

*Please note that voting for multiple options is not allowed and those votes won't be counted.*

The vote will be open for `1day`. It will pass if at least `75%` of the users with binding votes vote `In favor 👍`. Once it's closed, results will be published here as a new comment.