## Vote closed

The vote **did not pass**.

In favor: `0.00%` · Against: `0.00%` · Passing threshold: `50%`

### Summary

|        In favor        |        Against        |       Abstain        |        Not voted        |
| :--------------------: | :-------------------: | :------------------: | :---------------------: |
| 0 | 0 | 0 | 2 |
