## Vote closed

The vote **did not pass**.

`0.00%` of the users with binding vote were in favor and `0.00%` were against (passing threshold: `50%`).

### Summary

|        In favor        |        Against        |       Abstain        |        Not voted        |
| :--------------------: | :-------------------: | :------------------: | :---------------------: |
| 0 | 0 | 0 | 1 |

<details>
      <summary><h3>Non-binding votes (2)</h3></summary>

| User | Vote  | Timestamp |
| ---- | :---: | :-------: |
| @supporter1 | In favor | 2024-03-01 12:00:00.0 +00:00:00 |
| @supporter2 | Against | 2024-03-01 12:00:00.0 +00:00:00 |
</details>
  